// Jest Snapshot v1, https://goo.gl/fbAQLP

exports[`Check ModalRegister Component Component render correctly 1`] = `null`;
