// Jest Snapshot v1, https://goo.gl/fbAQLP

exports[`ModalSignUp render correctly 1`] = `
.c0 {
  position: fixed;
  top: 0px;
  left: 0px;
  right: 0px;
  bottom: 0px;
  z-index: 5;
  background: rgba(0,0,0,0.3);
}

.c1 {
  position: fixed;
  top: 50%;
  left: 50%;
  -webkit-transform: translate(-50%,-50%);
  -ms-transform: translate(-50%,-50%);
  transform: translate(-50%,-50%);
  overflow: hidden;
  z-index: 10;
  width: 70%;
}

.c2 {
  display: -webkit-box;
  display: -webkit-flex;
  display: -ms-flexbox;
  display: flex;
  -webkit-box-pack: justify;
  -webkit-justify-content: space-between;
  -ms-flex-pack: justify;
  justify-content: space-between;
  -webkit-animation: 1s eMLfYp;
  animation: 1s eMLfYp;
}

.c3 {
  background: white;
  border: 1px solid rgba(0,0,0,0.3);
  padding: 15px;
  width: 58%;
}

.c4 {
  background: white;
  border: 1px solid rgba(0,0,0,0.3);
  padding: 15px;
  width: 35%;
}

<div>
  <div
    className="c0"
  />
  <div
    className="c1"
  >
    <div
      className="c2"
    >
      <div
        className="c3"
      />
      <div
        className="c4"
      />
    </div>
  </div>
</div>
`;
