// Jest Snapshot v1, https://goo.gl/fbAQLP

exports[`Component render correctly 1`] = `
.c0 {
  display: inline-block;
  margin: 0;
  padding: 0;
  border-radius: 15px;
  overflow: hidden;
}

<div
  className="c0"
/>
`;
