// Jest Snapshot v1, https://goo.gl/fbAQLP

exports[`Card render correctly 1`] = `
.c0 {
  margin: 0;
  padding: 0;
  width: 450px;
  border-radius: 10px 10px 0 0;
  overflow: hidden;
}

.c1 {
  margin: 0;
  padding: 0;
  width: 450px;
  height: 300px;
  background: #f1f3f5;
  display: -webkit-box;
  display: -webkit-flex;
  display: -ms-flexbox;
  display: flex;
  -webkit-align-items: center;
  -webkit-box-align: center;
  -ms-flex-align: center;
  align-items: center;
  -webkit-box-pack: center;
  -webkit-justify-content: center;
  -ms-flex-pack: center;
  justify-content: center;
  color: white;
  -webkit-transform: scale(10);
  -ms-transform: scale(10);
  transform: scale(10);
  z-index: 5;
}

.c2 {
  margin: 0;
  padding: 0;
  overflow: hidden;
  width: 450px;
  height: 100px;
  background: hsla(0,72%,0%,0.4);
  z-index: 10;
  display: -webkit-box;
  display: -webkit-flex;
  display: -ms-flexbox;
  display: flex;
  -webkit-align-items: center;
  -webkit-box-align: center;
  -ms-flex-align: center;
  align-items: center;
  -webkit-box-pack: center;
  -webkit-justify-content: center;
  -ms-flex-pack: center;
  justify-content: center;
  -webkit-flex-direction: column;
  -ms-flex-direction: column;
  flex-direction: column;
}

.c3 {
  font-size: 40px;
  font-weight: 500;
  color: white;
}

.c4 {
  font-size: 22px;
  font-weight: 400;
  color: white;
}

<div>
  <div
    className="c0"
  >
    <div
      className="c1"
    >
      <svg
        fill="currentColor"
        height="1em"
        preserveAspectRatio="xMidYMid meet"
        style={
          Object {
            "color": undefined,
            "verticalAlign": "middle",
          }
        }
        viewBox="0 0 40 40"
        width="1em"
      >
        <g>
          <path
            d="m20.7 18.6q0-0.3-0.2-0.5t-0.5-0.2q-1.5 0-2.5 1t-1.1 2.5q0 0.3 0.2 0.5t0.5 0.2 0.6-0.2 0.2-0.5q0-0.9 0.6-1.5t1.5-0.6q0.3 0 0.5-0.2t0.2-0.5z m5 2.9q0 2.3-1.7 4t-4 1.7-4-1.7-1.7-4 1.7-4.1 4-1.6 4 1.6 1.7 4.1z m-22.8 12.8h34.2v-2.9h-34.2v2.9z m25.7-12.8q0-3.6-2.5-6.1t-6.1-2.5-6.1 2.5-2.5 6.1 2.5 6 6.1 2.5 6.1-2.5 2.5-6z m-22.9-14.4h8.6v-2.8h-8.6v2.8z m-2.8 4.3h34.2v-5.7h-18.4l-1.5 2.9h-14.3v2.8z m37.1-5.7v28.6q0 1.2-0.8 2t-2.1 0.8h-34.2q-1.2 0-2.1-0.8t-0.8-2v-28.6q0-1.2 0.8-2t2.1-0.8h34.2q1.2 0 2.1 0.8t0.8 2z"
          />
        </g>
      </svg>
    </div>
  </div>
  <div
    className="c2"
  >
    <div
      className="c3"
    />
    <div
      className="c4"
    />
  </div>
</div>
`;
