// Jest Snapshot v1, https://goo.gl/fbAQLP

exports[`Layout render correctly 1`] = `
.c0 {
  position: absolute;
  bottom: 0;
  left: 0;
  width: 100%;
}

.c1 {
  width: 100%;
}

.c2 {
  display: -webkit-box;
  display: -webkit-flex;
  display: -ms-flexbox;
  display: flex;
  -webkit-flex-direction: column;
  -ms-flex-direction: column;
  flex-direction: column;
  -webkit-box-pack: center;
  -webkit-justify-content: center;
  -ms-flex-pack: center;
  justify-content: center;
  width: 100%;
}

.c3 {
  background-color: #f8f9fa;
  width: 100%;
  height: 40px;
  font-size: 15px;
  border: 1px solid white;
  margin: 0;
  padding: 0 0 0 20px;
  border-radius: 0;
}

.c4 {
  width: 100%;
  display: -webkit-box;
  display: -webkit-flex;
  display: -ms-flexbox;
  display: flex;
  -webkit-flex-direction: row;
  -ms-flex-direction: row;
  flex-direction: row;
}

.c5 {
  background: palevioletred;
  color: white;
  font-size: 1em;
  padding: 0.7em 1em;
  border: 2px solid palevioletred;
  border-radius: 0;
  -webkit-transition: all 0.3s ease;
  transition: all 0.3s ease;
  -webkit-flex: 1;
  -ms-flex: 1;
  flex: 1;
}

.c5:hover {
  background: #f783ac;
  border: 2px solid #f783ac;
}

<div
  className="c0"
>
  <form
    className="c1"
    onSubmit={[Function]}
  >
    <div
      className="c2"
    >
      <input
        className="c3"
        name="comment"
        onBlur={[Function]}
        onChange={[Function]}
        onDragStart={[Function]}
        onDrop={[Function]}
        onFocus={[Function]}
        placeholder="댓글을 입력하세요 ..."
        required={true}
        type="text"
        value=""
      />
      <div
        className="c4"
      >
        <button
          className="c5"
          type="submit"
        >
          전송
        </button>
        <button
          className="c5"
          onClick={[Function]}
        >
          나가기
        </button>
      </div>
    </div>
  </form>
</div>
`;
