// Jest Snapshot v1, https://goo.gl/fbAQLP

exports[`ModalRegisterForm render correctly 1`] = `
.c0 {
  padding: 30px 0 10px 0;
}

.c1 {
  background-color: #f8f9fa;
  width: 400px;
  height: 40px;
  font-size: 15px;
  border: 2px solid white;
  padding-left: 20px;
  margin-bottom: 10px;
}

.c2 {
  background-color: #f8f9fa;
  width: 400px;
  height: 40px;
  font-size: 15px;
  border: 2px solid white;
  padding-left: 20px;
  margin-bottom: 10px;
  width: 426px;
  height: 47px;
}

.c3 {
  background-color: #f8f9fa;
  width: 400px;
  height: 40px;
  font-size: 15px;
  border: 2px solid white;
  padding-left: 20px;
  margin-bottom: 10px;
  padding: 0 0 200px 20px;
}

.c4 {
  background: palevioletred;
  color: white;
  font-size: 1em;
  margin: 1em;
  padding: 0.25em 1em;
  border: 2px solid palevioletred;
  border-radius: 3px;
  -webkit-transition: all 0.3s ease;
  transition: all 0.3s ease;
}

.c4:hover {
  background: #f783ac;
  border: 2px solid #f783ac;
}

<div
  className="c0"
>
  <form
    onSubmit={[Function]}
  >
    <div>
      <input
        className="c1"
        name="StudyTitle"
        onBlur={[Function]}
        onChange={[Function]}
        onDragStart={[Function]}
        onDrop={[Function]}
        onFocus={[Function]}
        placeholder="스터디 이름"
        required={true}
        type="text"
        value=""
      />
    </div>
    <select
      className="c2"
      name="Category"
      onBlur={[Function]}
      onChange={[Function]}
      onDragStart={[Function]}
      onDrop={[Function]}
      onFocus={[Function]}
      value=""
    >
      <option
        value="MaterialScience"
      >
        신소재공학과
      </option>
      <option
        value="Nursing"
      >
        간호학과
      </option>
      <option
        value="ITEngineering"
      >
        IT융합응용공학과
      </option>
      <option
        value="ComputerScience"
      >
        컴퓨터공학과
      </option>
      <option
        value="Chemical"
      >
        화학공학과
      </option>
    </select>
    <div>
      <input
        className="c1"
        name="Location"
        onBlur={[Function]}
        onChange={[Function]}
        onDragStart={[Function]}
        onDrop={[Function]}
        onFocus={[Function]}
        placeholder="장소"
        required={true}
        type="text"
        value=""
      />
    </div>
    <div>
      <input
        className="c1"
        name="Time"
        onBlur={[Function]}
        onChange={[Function]}
        onDragStart={[Function]}
        onDrop={[Function]}
        onFocus={[Function]}
        placeholder="시간"
        required={true}
        type="text"
        value=""
      />
    </div>
    <div>
      <input
        className="c1"
        name="Number"
        onBlur={[Function]}
        onChange={[Function]}
        onDragStart={[Function]}
        onDrop={[Function]}
        onFocus={[Function]}
        placeholder="모집 인원"
        required={true}
        type="text"
        value=""
      />
    </div>
    <div>
      <input
        className="c3"
        name="Introduction"
        onBlur={[Function]}
        onChange={[Function]}
        onDragStart={[Function]}
        onDrop={[Function]}
        onFocus={[Function]}
        placeholder="스터디 소개"
        required={true}
        type="text"
        value=""
      />
    </div>
    <button
      className="c4"
      type="submit"
    >
      등록
    </button>
    <button
      className="c4"
      onClick={[Function]}
    >
      나가기
    </button>
  </form>
</div>
`;
