// Jest Snapshot v1, https://goo.gl/fbAQLP

exports[`Card render correctly 1`] = `
.c0 {
  text-align: right;
  padding-right: 70px;
}

.c1 {
  background: white;
  font-weight: 500;
  font-size: 0.9em;
  border: 2px solid white;
  margin: 15px 0 15px 20px;
  text-align: left;
}

.c1:hover {
  color: #adb5bd;
}

.c2 {
  background: white;
  font-weight: 500;
  font-size: 0.9em;
  border: 2px solid white;
  margin: 15px 0 15px 20px;
}

.c2:hover {
  color: #adb5bd;
}

<div>
  <div
    className="c0"
  >
    <span>
      <button
        className="c1"
      >
        About
      </button>
      <button
        className="c2"
        onClick={[Function]}
      >
        회원가입
      </button>
      <button
        className="c2"
        onClick={[Function]}
      >
        로그인
      </button>
    </span>
  </div>
</div>
`;
