// Jest Snapshot v1, https://goo.gl/fbAQLP

exports[`ModalSignUp render correctly 1`] = `
.c0 {
  position: fixed;
  top: 0px;
  left: 0px;
  right: 0px;
  bottom: 0px;
  z-index: 5;
  background: rgba(0,0,0,0.3);
}

.c1 {
  position: fixed;
  top: 50%;
  left: 50%;
  -webkit-transform: translate(-50%,-50%);
  -ms-transform: translate(-50%,-50%);
  transform: translate(-50%,-50%);
  border-radius: 10px;
  overflow: hidden;
  z-index: 10;
  width: 550px;
}

.c2 {
  -webkit-animation: 1s eMLfYp;
  animation: 1s eMLfYp;
}

.c3 {
  font-style: normal;
  font-weight: 400;
  color: white;
  padding: 15px 15px;
  background: palevioletred;
}

.c4 {
  background: white;
  border: 1px solid rgba(0,0,0,0.3);
  padding: 15px;
}

.c5 {
  padding: 30px 0 10px 0;
}

.c6 {
  background-color: #f8f9fa;
  width: 400px;
  height: 40px;
  font-size: 15px;
  border: 2px solid white;
  padding-left: 20px;
  margin-bottom: 10px;
}

.c7 {
  background: palevioletred;
  color: white;
  font-size: 1em;
  margin: 1em;
  padding: 0.25em 1em;
  border: 2px solid palevioletred;
  border-radius: 3px;
  -webkit-transition: all 0.3s ease;
  transition: all 0.3s ease;
}

.c7:hover {
  background: #f783ac;
  border: 2px solid #f783ac;
}

<div>
  <div
    className="c0"
  />
  <div
    className="c1"
  >
    <div
      className="c2"
    >
      <div
        className="c3"
      >
        회원가입
      </div>
      <div
        className="c4"
      >
        <div
          className="c5"
        >
          <form
            onSubmit={[Function]}
          >
            <div>
              <input
                className="c6"
                name="email"
                onBlur={[Function]}
                onChange={[Function]}
                onDragStart={[Function]}
                onDrop={[Function]}
                onFocus={[Function]}
                placeholder="email"
                required={true}
                type="text"
                value=""
              />
            </div>
            <div>
              <input
                className="c6"
                name="Nickname"
                onBlur={[Function]}
                onChange={[Function]}
                onDragStart={[Function]}
                onDrop={[Function]}
                onFocus={[Function]}
                placeholder="Nickname"
                required={true}
                type="text"
                value=""
              />
            </div>
            <div>
              <input
                className="c6"
                name="password"
                onBlur={[Function]}
                onChange={[Function]}
                onDragStart={[Function]}
                onDrop={[Function]}
                onFocus={[Function]}
                placeholder="password"
                required={true}
                type="password"
                value=""
              />
            </div>
            <button
              className="c7"
              type="submit"
            >
              회원 가입
            </button>
            <button
              className="c7"
              onClick={[Function]}
            >
              나가기
            </button>
          </form>
        </div>
      </div>
    </div>
  </div>
</div>
`;
