// Jest Snapshot v1, https://goo.gl/fbAQLP

exports[`ModalStudyForm render correctly 1`] = `null`;
