// Jest Snapshot v1, https://goo.gl/fbAQLP

exports[`Card render correctly 1`] = `
.c0 {
  background: hsla(0,100%,0%,0.4);
  height: 50vh;
  display: -webkit-box;
  display: -webkit-flex;
  display: -ms-flexbox;
  display: flex;
  -webkit-align-items: center;
  -webkit-box-align: center;
  -ms-flex-align: center;
  align-items: center;
  -webkit-box-pack: center;
  -webkit-justify-content: center;
  -ms-flex-pack: center;
  justify-content: center;
  width: 100%;
}

.c1 {
  color: white;
  font-family: 'Hanna',fantasy;
  font-size: 3em;
}

<div
  className="c0"
>
  <div
    className="c1"
  >
    로그인이 필요합니다.
  </div>
</div>
`;
