// Jest Snapshot v1, https://goo.gl/fbAQLP

exports[`Card render correctly 1`] = `
.c0 {
  background: white;
  height: 50vh;
}

<div
  className="c0"
>
  Slider
</div>
`;
