// Jest Snapshot v1, https://goo.gl/fbAQLP

exports[`Card render correctly 1`] = `
.c0 {
  background: white;
  height: 50vh;
  display: -webkit-box;
  display: -webkit-flex;
  display: -ms-flexbox;
  display: flex;
  -webkit-align-items: center;
  -webkit-box-align: center;
  -ms-flex-align: center;
  align-items: center;
  -webkit-box-pack: center;
  -webkit-justify-content: center;
  -ms-flex-pack: center;
  justify-content: center;
}

.c1 {
  color: #adb5bd;
  font-family: 'Hanna',fantasy;
  font-size: 5em;
}

<div
  className="c0"
>
  <div
    className="c1"
  >
    슬라이드 준비 중 ...
  </div>
</div>
`;
