// Jest Snapshot v1, https://goo.gl/fbAQLP

exports[`Layout render correctly 1`] = `
.c0 {
  height: 10%;
  width: 100%;
  display: -webkit-box;
  display: -webkit-flex;
  display: -ms-flexbox;
  display: flex;
  -webkit-flex-direction: row;
  -ms-flex-direction: row;
  flex-direction: row;
  position: relative;
  padding: 10px 15px;
}

.c1 {
  height: 35px;
  width: 35px;
  border-radius: 100%;
  background: #e9ecef;
  top: 10px;
  left: 20px;
  display: -webkit-box;
  display: -webkit-flex;
  display: -ms-flexbox;
  display: flex;
  -webkit-box-pack: center;
  -webkit-justify-content: center;
  -ms-flex-pack: center;
  justify-content: center;
  -webkit-align-items: center;
  -webkit-box-align: center;
  -ms-flex-align: center;
  align-items: center;
}

.c2 {
  display: -webkit-box;
  display: -webkit-flex;
  display: -ms-flexbox;
  display: flex;
  -webkit-flex-direction: column;
  -ms-flex-direction: column;
  flex-direction: column;
  padding-left: 10px;
}

.c3 {
  background: black;
  height: 1px;
}

<div>
  <div
    className="c0"
  >
    <div
      className="c1"
    >
      <svg
        fill="currentColor"
        height={25}
        preserveAspectRatio="xMidYMid meet"
        style={
          Object {
            "color": "white",
            "verticalAlign": "middle",
          }
        }
        viewBox="0 0 40 40"
        width={25}
      >
        <g>
          <path
            d="m35.9 31.4q0 2.6-1.6 4.2t-4.3 1.5h-19.5q-2.7 0-4.4-1.5t-1.6-4.2q0-1.2 0.1-2.3t0.3-2.5 0.6-2.4 0.9-2.2 1.4-1.8 1.9-1.2 2.5-0.4q0.2 0 1 0.5t1.6 1 2.4 1.1 3 0.5 3-0.5 2.4-1.1 1.7-1 0.9-0.5q1.4 0 2.5 0.4t1.9 1.2 1.4 1.8 0.9 2.2 0.6 2.4 0.4 2.5 0 2.3z m-7.1-20q0 3.6-2.5 6.1t-6.1 2.5-6-2.5-2.6-6.1 2.6-6 6-2.5 6.1 2.5 2.5 6z"
          />
        </g>
      </svg>
    </div>
    <div
      className="c2"
    />
  </div>
  <div
    className="c3"
  />
</div>
`;
